
U-Boot SPL 2013.01.01 (Jan 28 2019 - 13:59:06)
BOARD : Altera SOCFPGA Cyclone V Board
CLOCK: EOSC1 clock 25000 KHz
CLOCK: EOSC2 clock 25000 KHz
CLOCK: F2S_SDR_REF clock 0 KHz
CLOCK: F2S_PER_REF clock 0 KHz
CLOCK: MPU clock 800 MHz
CLOCK: DDR clock 400 MHz
CLOCK: UART clock 100000 KHz
CLOCK: MMC clock 50000 KHz
CLOCK: QSPI clock 400000 KHz
RESET: COLD
SDRAM: Initializing MMR registers
SDRAM: Calibrating PHY
SEQ.C: Preparing to start memory calibration
SEQ.C: CALIBRATION PASSED
SDRAM: 1024 MiB
ALTERA DWMMC: 0


U-Boot 2013.01.01 (Jan 28 2019 - 14:05:03)

CPU   : Altera SOCFPGA Platform
BOARD : Altera SOCFPGA Cyclone V Board
I2C:   ready
DRAM:  1 GiB
MMC:   ALTERA DWMMC: 0
In:    serial
Out:   serial
Err:   serial
Net:   mii0
Hit any key to stop autoboot:  0 
reading u-boot.scr
230 bytes read in 7 ms (31.3 KiB/s)
## Executing script at 02000000
reading TSOM_top.rbf
2084692 bytes read in 123 ms (16.2 MiB/s)
## Starting application at 0x3FF79598 ...
## Application terminated, rc = 0x0
reading zImage
4694312 bytes read in 266 ms (16.8 MiB/s)
reading soc_system.dtb
23443 bytes read in 12 ms (1.9 MiB/s)
## Flattened Device Tree blob at 00000100
   Booting using the fdt blob at 0x00000100
   Loading Device Tree to 03ff7000, end 03fffb92 ... OK

Starting kernel ...

[    0.000000] Booting Linux on physical CPU 0x0
[    0.000000] Linux version 4.5.0-00185-g3bb556b (vmware@vmware-machine) (gcc version 5.2.1 20151005 (Linaro GCC 5.2-2015.11-2) ) #3 SMP Wed Aug 16 15:56:01 CST 2017
[    0.000000] CPU: ARMv7 Processor [413fc090] revision 0 (ARMv7), cr=10c5387d
[    0.000000] CPU: PIPT / VIPT nonaliasing data cache, VIPT aliasing instruction cache
[    0.000000] Machine model: Terasic TSOM
[    0.000000] Truncating RAM at 0x00000000-0x40000000 to -0x30000000
[    0.000000] Consider using a HIGHMEM enabled kernel.
[    0.000000] Memory policy: Data cache writealloc
[    0.000000] PERCPU: Embedded 13 pages/cpu @ef9cb000 s21824 r8192 d23232 u53248
[    0.000000] Built 1 zonelists in Zone order, mobility grouping on.  Total pages: 195072
[    0.000000] Kernel command line: console=ttyS0,115200 root=/dev/mmcblk0p2 rw rootwait
[    0.000000] PID hash table entries: 4096 (order: 2, 16384 bytes)
[    0.000000] Dentry cache hash table entries: 131072 (order: 7, 524288 bytes)
[    0.000000] Inode-cache hash table entries: 65536 (order: 6, 262144 bytes)
[    0.000000] Memory: 769004K/786432K available (7351K kernel code, 488K rwdata, 1728K rodata, 520K init, 149K bss, 17428K reserved, 0K cma-reserved)
[    0.000000] Virtual kernel memory layout:
[    0.000000]     vector  : 0xffff0000 - 0xffff1000   (   4 kB)
[    0.000000]     fixmap  : 0xffc00000 - 0xfff00000   (3072 kB)
[    0.000000]     vmalloc : 0xf0800000 - 0xff800000   ( 240 MB)
[    0.000000]     lowmem  : 0xc0000000 - 0xf0000000   ( 768 MB)
[    0.000000]     modules : 0xbf000000 - 0xc0000000   (  16 MB)
[    0.000000]       .text : 0xc0008000 - 0xc08e5fac   (9080 kB)
[    0.000000]       .init : 0xc08e6000 - 0xc0968000   ( 520 kB)
[    0.000000]       .data : 0xc0968000 - 0xc09e2084   ( 489 kB)
[    0.000000]        .bss : 0xc09e2084 - 0xc0a07868   ( 150 kB)
[    0.000000] SLUB: HWalign=64, Order=0-3, MinObjects=0, CPUs=2, Nodes=1
[    0.000000] Hierarchical RCU implementation.
[    0.000000]  Build-time adjustment of leaf fanout to 32.
[    0.000000] NR_IRQS:16 nr_irqs:16 16
[    0.000000] L2C: platform modifies aux control register: 0x02060000 -> 0x32460000
[    0.000000] L2C: platform provided aux values permit register corruption.
[    0.000000] L2C: DT/platform modifies aux control register: 0x02060000 -> 0x32460000
[    0.000000] L2C-310 erratum 769419 enabled
[    0.000000] L2C-310 enabling early BRESP for Cortex-A9
[    0.000000] L2C-310 full line of zeros enabled for Cortex-A9
[    0.000000] L2C-310 dynamic clock gating enabled, standby mode enabled
[    0.000000] L2C-310 cache controller enabled, 8 ways, 512 kB
[    0.000000] L2C-310: CACHE_ID 0x410030c9, AUX_CTRL 0x46460001
[    0.000000] clocksource: timer: mask: 0xffffffff max_cycles: 0xffffffff, max_idle_ns: 19112604467 ns
[    0.000007] sched_clock: 32 bits at 100MHz, resolution 10ns, wraps every 21474836475ns
[    0.000020] Switching to timer-based delay loop, resolution 10ns
[    0.000443] Console: colour dummy device 80x30
[    0.000464] Calibrating delay loop (skipped), value calculated using timer frequency.. 200.00 BogoMIPS (lpj=1000000)
[    0.000479] pid_max: default: 32768 minimum: 301
[    0.000579] Mount-cache hash table entries: 2048 (order: 1, 8192 bytes)
[    0.000592] Mountpoint-cache hash table entries: 2048 (order: 1, 8192 bytes)
[    0.001185] CPU: Testing write buffer coherency: ok
[    0.001215] ftrace: allocating 22908 entries in 68 pages
[    0.041725] CPU0: thread -1, cpu 0, socket 0, mpidr 80000000
[    0.042003] Setting up static identity map for 0x8280 - 0x82d8
[    0.043551] CPU1: thread -1, cpu 1, socket 0, mpidr 80000001
[    0.043623] Brought up 2 CPUs
[    0.043639] SMP: Total of 2 processors activated (400.00 BogoMIPS).
[    0.043646] CPU: All CPU(s) started in SVC mode.
[    0.044396] devtmpfs: initialized
[    0.049787] VFP support v0.3: implementor 41 architecture 3 part 30 variant 9 rev 4
[    0.050091] clocksource: jiffies: mask: 0xffffffff max_cycles: 0xffffffff, max_idle_ns: 19112604462750000 ns
[    0.051226] NET: Registered protocol family 16
[    0.052059] DMA: preallocated 256 KiB pool for atomic coherent allocations
[    0.059378] hw-breakpoint: found 5 (+1 reserved) breakpoint and 1 watchpoint registers.
[    0.059392] hw-breakpoint: maximum watchpoint size is 4 bytes.
[    0.093491] SCSI subsystem initialized
[    0.093786] usbcore: registered new interface driver usbfs
[    0.093858] usbcore: registered new interface driver hub
[    0.093924] usbcore: registered new device driver usb
[    0.094091] sopc@0:usbphy@0 supply vcc not found, using dummy regulator
[    0.094785] pps_core: LinuxPPS API ver. 1 registered
[    0.094796] pps_core: Software ver. 5.3.6 - Copyright 2005-2007 Rodolfo Giometti <giometti@linux.it>
[    0.094830] PTP clock support registered
[    0.095003] FPGA manager framework
[    0.095630] Bluetooth: Core ver 2.21
[    0.095696] NET: Registered protocol family 31
[    0.095704] Bluetooth: HCI device and connection manager initialized
[    0.095721] Bluetooth: HCI socket layer initialized
[    0.095733] Bluetooth: L2CAP socket layer initialized
[    0.095762] Bluetooth: SCO socket layer initialized
[    0.096573] clocksource: Switched to clocksource timer
[    0.139917] NET: Registered protocol family 2
[    0.140498] TCP established hash table entries: 8192 (order: 3, 32768 bytes)
[    0.140578] TCP bind hash table entries: 8192 (order: 4, 65536 bytes)
[    0.140700] TCP: Hash tables configured (established 8192 bind 8192)
[    0.140784] UDP hash table entries: 512 (order: 2, 16384 bytes)
[    0.140835] UDP-Lite hash table entries: 512 (order: 2, 16384 bytes)
[    0.141032] NET: Registered protocol family 1
[    0.141471] RPC: Registered named UNIX socket transport module.
[    0.141482] RPC: Registered udp transport module.
[    0.141489] RPC: Registered tcp transport module.
[    0.141496] RPC: Registered tcp NFSv4.1 backchannel transport module.
[    0.142049] hw perfevents: enabled with armv7_cortex_a9 PMU driver, 7 counters available
[    0.142911] futex hash table entries: 512 (order: 3, 32768 bytes)
[    0.153514] NFS: Registering the id_resolver key type
[    0.153569] Key type id_resolver registered
[    0.153577] Key type id_legacy registered
[    0.153640] ntfs: driver 2.1.32 [Flags: R/W].
[    0.153978] jffs2: version 2.2. (NAND) © 2001-2006 Red Hat, Inc.
[    0.158072] io scheduler noop registered (default)
[    0.163431] Serial: 8250/16550 driver, 2 ports, IRQ sharing disabled
[    0.164507] console [ttyS0] disabled
[    0.164545] ffc02000.serial: ttyS0 at MMIO 0xffc02000 (irq = 24, base_baud = 6250000) is a 16550A
[    0.751409] console [ttyS0] enabled
[    0.755515] ffc03000.serial: ttyS1 at MMIO 0xffc03000 (irq = 25, base_baud = 6250000) is a 16550A
[    0.766234] brd: module loaded
[    0.770112] cadence-qspi ff705000.flash: Cadence QSPI NOR flash driver
[    0.778751] CAN device driver interface
[    0.783000] socfpga-dwmac ff702000.ethernet: snps,phy-addr property is deprecated
[    0.790636] stmmac - user ID: 0x10, Synopsys ID: 0x37
[    0.795667]  Ring mode enabled
[    0.798728]  DMA HW capability register supported
[    0.803239]  Enhanced/Alternate descriptors
[    0.807595]  Enabled extended descriptors
[    0.811588]  RX Checksum Offload Engine supported (type 2)
[    0.817055]  TX Checksum insertion supported
[    0.821306]  Enable RX Mitigation via HW Watchdog Timer
[    0.827099] socfpga-dwmac ff702000.ethernet eth0: No MDIO subnode found
[    0.839239] libphy: stmmac: probed
[    0.842626] eth0: PHY ID 00221622 at 1 IRQ POLL (stmmac-0:01) active
[    0.849530] ffb40000.usb supply vusb_d not found, using dummy regulator
[    0.856165] ffb40000.usb supply vusb_a not found, using dummy regulator
[    1.136601] dwc2 ffb40000.usb: EPs: 16, dedicated fifos, 8064 entries in SPRAM
[    1.236689] dwc2 ffb40000.usb: DWC OTG Controller
[    1.241402] dwc2 ffb40000.usb: new USB bus registered, assigned bus number 1
[    1.248465] dwc2 ffb40000.usb: irq 37, io mem 0x00000000
[    1.253949] usb usb1: New USB device found, idVendor=1d6b, idProduct=0002
[    1.260730] usb usb1: New USB device strings: Mfr=3, Product=2, SerialNumber=1
[    1.267932] usb usb1: Product: DWC OTG Controller
[    1.272619] usb usb1: Manufacturer: Linux 4.5.0-00185-g3bb556b dwc2_hsotg
[    1.279386] usb usb1: SerialNumber: ffb40000.usb
[    1.284550] hub 1-0:1.0: USB hub found
[    1.288339] hub 1-0:1.0: 1 port detected
[    1.292986] usbcore: registered new interface driver usb-storage
[    1.299356] mousedev: PS/2 mouse device common for all mice
[    1.305207] i2c /dev entries driver
[    1.309565] usbcore: registered new interface driver bfusb
[    1.315104] usbcore: registered new interface driver btusb
[    1.320645] Synopsys Designware Multimedia Card Interface Driver
[    1.326834] dw_mmc ff704000.flash: supports-highspeed property is deprecated.
[    1.334017] dw_mmc ff704000.flash: IDMAC supports 32-bit address mode.
[    1.340567] dw_mmc ff704000.flash: Using internal DMA controller.
[    1.346653] dw_mmc ff704000.flash: Version ID is 240a
[    1.351729] dw_mmc ff704000.flash: DW MMC controller at irq 36,32 bit host data width,1024 deep fifo
[    1.396614] dw_mmc ff704000.flash: 1 slots initialized
[    1.402237] ledtrig-cpu: registered to indicate activity on CPUs
[    1.408439] usbcore: registered new interface driver usbhid
[    1.413989] usbhid: USB HID core driver
[    1.418096] fpga_manager fpga0: Altera SOCFPGA FPGA Manager registered
[    1.425233] altera_hps2fpga_bridge sopc@0:fpgabridge@0: fpga bridge [hps2fpga] registered
[    1.433646] altera_hps2fpga_bridge sopc@0:fpgabridge@1: fpga bridge [lwhps2fpga] registered
[    1.442203] altera_hps2fpga_bridge sopc@0:fpgabridge@2: fpga bridge [fpga2hps] registered
[    1.450748] altera_fpga2sdram_bridge sopc@0:fpgabridge@3: fpga bridge [fpga2sdram] registered
[    1.459258] altera_fpga2sdram_bridge sopc@0:fpgabridge@3: driver initialized with handoff 000001ff
[    1.468685] oprofile: using arm/armv7-ca9
[    1.473875] NET: Registered protocol family 10
[    1.479097] sit: IPv6 over IPv4 tunneling driver
[    1.484361] NET: Registered protocol family 17
[    1.488843] NET: Registered protocol family 15
[    1.493273] can: controller area network core (rev 20120528 abi 9)
[    1.499494] NET: Registered protocol family 29
[    1.503928] can: raw protocol (rev 20120528)
[    1.508198] can: broadcast manager protocol (rev 20120528 t)
[    1.513843] can: netlink gateway (rev 20130117) max_hops=1
[    1.519606] Bluetooth: RFCOMM TTY layer initialized
[    1.524481] Bluetooth: RFCOMM socket layer initialized
[    1.529633] Bluetooth: RFCOMM ver 1.11
[    1.533382] Bluetooth: BNEP (Ethernet Emulation) ver 1.3
[    1.538688] Bluetooth: BNEP filters: protocol multicast
[    1.543898] Bluetooth: BNEP socket layer initialized
[    1.548859] Bluetooth: HIDP (Human Interface Emulation) ver 1.2
[    1.554758] Bluetooth: HIDP socket layer initialized
[    1.559767] 8021q: 802.1Q VLAN Support v1.8
[    1.563970] lib80211: common routines for IEEE802.11 drivers
[    1.569711] Key type dns_resolver registered
[    1.574064] ThumbEE CPU extension supported.
[    1.578346] Registering SWP/SWPB emulation handler
[    1.584258] of_cfs_init
[    1.586811] of_cfs_init: OK
[    1.592238] ttyS0 - failed to request DMA
[    1.596310] Waiting for root device /dev/mmcblk0p2...
[    1.635789] mmc0: Problem switching card into high-speed mode!
[    1.641627] mmc_host mmc0: Bus speed (slot 0) = 50000000Hz (slot req 25000000Hz, actual 25000000HZ div = 1)
[    1.651390] mmc0: new SDHC card at address 0001
[    1.656348] mmcblk0: mmc0:0001 ASTC 7.45 GiB 
[    1.662763]  mmcblk0: p1 p2 p3
[    1.707572] EXT4-fs (mmcblk0p2): couldn't mount as ext3 due to feature incompatibilities
[    2.506594] EXT4-fs (mmcblk0p2): recovery complete
[    2.515103] EXT4-fs (mmcblk0p2): mounted filesystem with ordered data mode. Opts: (null)
[    2.523217] VFS: Mounted root (ext4 filesystem) on device 179:2.
[    2.538291] devtmpfs: mounted
[    2.541692] Freeing unused kernel memory: 520K (c08e6000 - c0968000)
[    4.759669] systemd[1]: Failed to insert module 'autofs4': Function not implemented
[    4.769943] systemd[1]: Failed to insert module 'ip_tables': Function not implemented
[    4.799767] random: systemd urandom read with 93 bits of entropy available
[    4.810681] systemd[1]: systemd 226 running in system mode. (+PAM -AUDIT -SELINUX +IMA -APPARMOR +SMACK +SYSVINIT +UTMP -LIBCRYPTSETUP -GCRYPT -GNUTLS +ACL +XZ -LZ4 -SECCOMP +BLKID -ELFUTILS +KMOD +IDN)
[    4.829002] systemd[1]: Detected architecture arm.

Welcome to The Ångström Distribution v2014.12!

[    4.848882] systemd[1]: Set hostname to <socfpga>.
[    5.523722] systemd[1]: bal_car.service: Cannot add dependency job, ignoring: Unit bal_car.service failed to load: No such file or directory.
[    5.539383] systemd[1]: Listening on Journal Socket.
[  OK  ] Listening on Journal Socket.
[    5.556989] systemd[1]: Created slice User and Session Slice.
[  OK  ] Created slice User and Session Slice.
[    5.576890] systemd[1]: Listening on Syslog Socket.
[  OK  ] Listening on Syslog Socket.
[    5.596827] systemd[1]: Listening on udev Kernel Socket.
[  OK  ] Listening on udev Kernel Socket.
[    5.616877] systemd[1]: Created slice System Slice.
[  OK  ] Created slice System Slice.
[    5.666931] systemd[1]: Starting (null)...
         Starting (null)...
[    5.688590] systemd[1]: Starting Create list of required static device nodes for the current kernel...
         Starting Create list of required st... nodes for the current kernel...
[    5.716852] systemd[1]: Reached target Slices.
[  OK  ] Reached target Slices.
[    5.737078] systemd[1]: Created slice system-serial\x2dgetty.slice.
[  OK  ] Created slice system-serial\x2dgetty.slice.
[    5.756946] systemd[1]: Listening on Journal Socket (/dev/log).
[  OK  ] Listening on Journal Socket (/dev/log).
[    5.796359] systemd[1]: Reached target Swap.
[  OK  ] Reached target Swap.
[    5.847190] systemd[1]: Starting Remount Root and Kernel File Systems...
         Starting Remount Root and Kernel File Systems...
[    5.877087] systemd[1]: Started Forward Password Requests to Wall Directory Watch.
[  OK  ] Started Forward Password Requests to Wall Directory Watch.
[    5.887794] EXT4-fs (mmcblk0p2): re-mounted. Opts: (null)
[    5.906999] systemd[1]: Listening on /dev/initctl Compatibility Named Pipe.
[  OK  ] Listening on /dev/initctl Compatibility Named Pipe.
[    5.956866] systemd[1]: Mounting Debug File System...
         Mounting Debug File System...
[    5.976985] systemd[1]: Created slice system-getty.slice.
[  OK  ] Created slice system-getty.slice.
[    6.017456] systemd[1]: Starting Apply Kernel Variables...
         Starting Apply Kernel Variables...
[    6.037063] systemd[1]: Started Dispatch Password Requests to Console Directory Watch.
[  OK  ] Started Dispatch Password Requests to Console Directory Watch.
[    6.066829] systemd[1]: Reached target Paths.
[  OK  ] Reached target Paths.
[    6.116856] systemd[1]: Mounting Configuration File System...
         Mounting Configuration File System...
[    6.136901] systemd[1]: Listening on udev Control Socket.
[  OK  ] Listening on udev Control Socket.
[    6.158371] systemd[1]: Starting Setup Virtual Console...
         Starting Setup Virtual Console...
[    6.182227] systemd[1]: Starting Journal Service...
         Starting Journal Service...
[    6.207113] systemd[1]: Listening on networkd rtnetlink socket.
[  OK  ] Listening on networkd rtnetlink socket.
[    6.229061] systemd[1]: Mounted Debug File System.
[  OK  ] Mounted Debug File System.
[    6.246868] systemd[1]: Mounted Configuration File System.
[  OK  ] Mounted Configuration File System.
[    6.268010] systemd[1]: Started (null).
[  OK  ] Started (null).
[    6.288532] systemd[1]: Started Create list of required static device nodes for the current kernel.
[  OK  ] Started Create list of required sta...ce nodes for the current kernel.
[    6.317326] systemd[1]: Started Remount Root and Kernel File Systems.
[  OK  ] Started Remount Root and Kernel File Systems.
[    6.332978] systemd-journald[715]: File /var/log/journal/15c23ce33f2948b3a0b09409f18dc8a2/system.journal corrupted or uncleanly shut down, renaming and replacing.
[    6.348672] systemd[1]: Started Apply Kernel Variables.
[  OK  ] Started Apply Kernel Variables.
[    6.367984] systemd[1]: Started Setup Virtual Console.
[  OK  ] Started Setup Virtual Console.
[    6.388194] random: nonblocking pool is initialized
[    6.401910] systemd[1]: Started Journal Service.
[  OK  ] Started Journal Service.
         Starting Load/Save Random Seed...
         Starting udev Coldplug all Devices...
         Starting Flush Journal to Persistent Storage...
         Starting Create Static Device Nodes in /dev...
[  OK  ] Started Load/Save Random Seed.
[  OK  ] Started Create Static Device Nodes in /dev.
[    6.786485] systemd-journald[715]: Received request to flush runtime journal from PID 1
[  OK  ] Reached target Local File Systems (Pre).
         Mounting /tmp...
         Starting udev Kernel Device Manager...
[  OK  ] Mounted /tmp.
[  OK  ] Started Flush Journal to Persistent Storage.
[  OK  ] Started udev Coldplug all Devices.
[  OK  ] Reached target Local File Systems.
         Starting Create Volatile Files and Directories...
[  OK  ] Started udev Kernel Device Manager.
[  OK  ] Started Create Volatile Files and Directories.
         Starting Update UTMP about System Boot/Shutdown...
         Starting Network Time Synchronization...
[  OK  ] Found device /dev/ttyS0.
[  OK  ] Started Update UTMP about System Boot/Shutdown.
[  OK  ] Started Network Time Synchronization.
[  OK  ] Reached target System Initialization.
         Starting sshd.socket.
[  OK  ] Listening on RPCbind Server Activation Socket.
[  OK  ] Listening on Avahi mDNS/DNS-SD Stack Activation Socket.
         Starting Restore Sound Card State...
[  OK  ] Started Daily Cleanup of Temporary Directories.
[  OK  ] Reached target Timers.
[  OK  ] Listening on D-Bus System Message Bus Socket.
[  OK  ] Reached target System Time Synchronized.
[  OK  ] Listening on sshd.socket.
[  OK  ] Started Restore Sound Card State.
[  OK  ] Reached target Sockets.
[  OK  ] Reached target Basic System.
[  OK  ] Started D-Bus System Message Bus.
         Starting Network Service...
         Starting Login Service...
         Starting Avahi mDNS/DNS-SD Stack...
         Starting Network Time Service (one-shot ntpdate mode)...
         Starting Connection service...
[  OK  ] Started Timestamping service.
[  OK  ] Started System Logging Service.
[  OK  ] Started Kernel Logging Service.
[  OK  ] Started Network Service.
[  OK  ] Started Network Time Service (one-shot ntpdate mode).
[  OK  ] Started Avahi mDNS/DNS-SD Stack.
[  OK  ] Started Login Service.
[  OK  ] Reached target Network.
         Starting Target Communication Framework agent...
         Starting Network Name Resolution...
[  OK  ] Started Network Name Resolution.
[  OK  ] Started Connection service.
[  OK  ] Reached target Remote File Systems.
         Starting Permit User Sessions...
[  OK  ] Started Target Communication Framework agent.
[  OK  ] Started Permit User Sessions.
[  OK  ] Started Serial Getty on ttyS0.
[    9.060589] IPv6: ADDRCONF(NETDEV_UP): eth0: link is not ready
[  OK  ] Started Getty on tty1.
[  OK  ] Reached target Login Prompts.
[  OK  ] Reached target Multi-User System.
         Starting Update UTMP about System Runlevel Changes...
[  OK  ] Started Update UTMP about System Runlevel Changes.

.--